Info: Starting: Create simulation model
Info: ip-generate --project-directory=D:/CE213/Tailieuthuchanh/Lab3/Lab3/DMAFinal/DMAFinal/ --output-directory=D:/CE213/Tailieuthuchanh/Lab3/Lab3/DMAFinal/DMAFinal/System/simulation/ --file-set=SIM_VERILOG --report-file=sopcinfo:D:/CE213/Tailieuthuchanh/Lab3/Lab3/DMAFinal/DMAFinal/System.sopcinfo --report-file=html:D:/CE213/Tailieuthuchanh/Lab3/Lab3/DMAFinal/DMAFinal/System.html --report-file=sip:D:/CE213/Tailieuthuchanh/Lab3/Lab3/DMAFinal/DMAFinal/System/simulation/System.sip --report-file=csv:D:/CE213/Tailieuthuchanh/Lab3/Lab3/DMAFinal/DMAFinal/System.csv --report-file=spd:D:/CE213/Tailieuthuchanh/Lab3/Lab3/DMAFinal/DMAFinal/System.spd --report-file=cmp:D:/CE213/Tailieuthuchanh/Lab3/Lab3/DMAFinal/DMAFinal/System.cmp --system-info=DEVICE_FAMILY="Cyclone II" --system-info=DEVICE=EP2C35F672C6 --system-info=DEVICE_SPEEDGRADE=6 --component-file=D:/CE213/Tailieuthuchanh/Lab3/Lab3/DMAFinal/DMAFinal/System.qsys
Progress: Loading DMAFinal/System.qsys
Progress: Reading input file
Progress: Adding clk_0 [clock_source 13.0]
Progress: Parameterizing module clk_0
Progress: Adding onchip_memory2_0 [altera_avalon_onchip_memory2 13.0.1.99.2]
Progress: Parameterizing module onchip_memory2_0
Progress: Adding nios2_qsys_0 [altera_nios2_qsys 13.0]
Progress: Parameterizing module nios2_qsys_0
Progress: Adding jtag_uart_0 [altera_avalon_jtag_uart 13.0.1.99.2]
Progress: Parameterizing module jtag_uart_0
Progress: Adding onchip_memory2_1 [altera_avalon_onchip_memory2 13.0.1.99.2]
Progress: Parameterizing module onchip_memory2_1
Progress: Adding DMA_0 [DMA 1.0]
Progress: Parameterizing module DMA_0
Progress: Building connections
Progress: Parameterizing connections
Progress: Validating
Progress: Done reading input file
Info: System: Generating System "System" for SIM_VERILOG
Info: pipeline_bridge_swap_transform: After transform: 6 modules, 27 connections
Info: No custom instruction connections, skipping transform 
Info: merlin_translator_transform: After transform: 15 modules, 63 connections
Info: merlin_domain_transform: After transform: 30 modules, 163 connections
Info: merlin_router_transform: After transform: 39 modules, 199 connections
Info: reset_adaptation_transform: After transform: 40 modules, 156 connections
Info: merlin_network_to_switch_transform: After transform: 57 modules, 196 connections
Info: merlin_mm_transform: After transform: 57 modules, 196 connections
Info: merlin_interrupt_mapper_transform: After transform: 58 modules, 199 connections
Warning: System: "No matching role found for rst_controller:reset_out:reset_req (reset_req)"
Warning: System: "No matching role found for rst_controller:reset_out:reset_req (reset_req)"
Warning: System: "No matching role found for rst_controller:reset_out:reset_req (reset_req)"
Warning: System: "No matching role found for rst_controller:reset_out:reset_req (reset_req)"
Warning: System: "No matching role found for rst_controller:reset_out:reset_req (reset_req)"
Warning: System: "No matching role found for rst_controller:reset_out:reset_req (reset_req)"
Warning: System: "No matching role found for rst_controller:reset_out:reset_req (reset_req)"
Warning: System: "No matching role found for rst_controller:reset_out:reset_req (reset_req)"
Warning: System: "No matching role found for rst_controller:reset_out:reset_req (reset_req)"
Warning: System: "No matching role found for rst_controller:reset_out:reset_req (reset_req)"
Warning: System: "No matching role found for rst_controller:reset_out:reset_req (reset_req)"
Warning: System: "No matching role found for rst_controller:reset_out:reset_req (reset_req)"
Warning: System: "No matching role found for rst_controller:reset_out:reset_req (reset_req)"
Warning: System: "No matching role found for rst_controller:reset_out:reset_req (reset_req)"
Warning: System: "No matching role found for rst_controller:reset_out:reset_req (reset_req)"
Warning: System: "No matching role found for rst_controller:reset_out:reset_req (reset_req)"
Warning: System: "No matching role found for rst_controller:reset_out:reset_req (reset_req)"
Warning: System: "No matching role found for rst_controller:reset_out:reset_req (reset_req)"
Warning: System: "No matching role found for rst_controller:reset_out:reset_req (reset_req)"
Warning: System: "No matching role found for rst_controller:reset_out:reset_req (reset_req)"
Warning: System: "No matching role found for rst_controller:reset_out:reset_req (reset_req)"
Warning: System: "No matching role found for rst_controller:reset_out:reset_req (reset_req)"
Warning: System: "No matching role found for rst_controller:reset_out:reset_req (reset_req)"
Warning: System: "No matching role found for rst_controller:reset_out:reset_req (reset_req)"
Warning: System: "No matching role found for rst_controller:reset_out:reset_req (reset_req)"
Warning: System: "No matching role found for rst_controller:reset_out:reset_req (reset_req)"
Warning: System: "No matching role found for rst_controller:reset_out:reset_req (reset_req)"
Warning: System: "No matching role found for rst_controller:reset_out:reset_req (reset_req)"
Warning: System: "No matching role found for rst_controller:reset_out:reset_req (reset_req)"
Warning: System: "No matching role found for rst_controller:reset_out:reset_req (reset_req)"
Warning: System: "No matching role found for rst_controller:reset_out:reset_req (reset_req)"
Warning: System: "No matching role found for rst_controller:reset_out:reset_req (reset_req)"
Warning: System: "No matching role found for rst_controller:reset_out:reset_req (reset_req)"
Warning: System: "No matching role found for rst_controller:reset_out:reset_req (reset_req)"
Warning: System: "No matching role found for rst_controller:reset_out:reset_req (reset_req)"
Warning: System: "No matching role found for rst_controller:reset_out:reset_req (reset_req)"
Warning: System: "No matching role found for rst_controller:reset_out:reset_req (reset_req)"
Warning: System: "No matching role found for rst_controller:reset_out:reset_req (reset_req)"
Warning: System: "No matching role found for rst_controller:reset_out:reset_req (reset_req)"
Warning: System: "No matching role found for rst_controller:reset_out:reset_req (reset_req)"
Warning: System: "No matching role found for rst_controller:reset_out:reset_req (reset_req)"
Warning: System: "No matching role found for rst_controller:reset_out:reset_req (reset_req)"
Warning: System: "No matching role found for rst_controller:reset_out:reset_req (reset_req)"
Warning: System: "No matching role found for rst_controller:reset_out:reset_req (reset_req)"
Warning: System: "No matching role found for rst_controller:reset_out:reset_req (reset_req)"
Warning: System: "No matching role found for rst_controller:reset_out:reset_req (reset_req)"
Warning: System: "No matching role found for rst_controller:reset_out:reset_req (reset_req)"
Warning: System: "No matching role found for rst_controller:reset_out:reset_req (reset_req)"
Warning: System: "No matching role found for rst_controller:reset_out:reset_req (reset_req)"
Warning: System: "No matching role found for rst_controller:reset_out:reset_req (reset_req)"
Warning: System: "No matching role found for rst_controller:reset_out:reset_req (reset_req)"
Warning: System: "No matching role found for rst_controller:reset_out:reset_req (reset_req)"
Warning: System: "No matching role found for rst_controller:reset_out:reset_req (reset_req)"
Warning: System: "No matching role found for rst_controller:reset_out:reset_req (reset_req)"
Info: onchip_memory2_0: Starting RTL generation for module 'System_onchip_memory2_0'
Info: onchip_memory2_0:   Generation command is [exec D:/altera/quartus/bin/perl/bin/perl.exe -I D:/altera/quartus/common/ip/altera/common/perl/5.8.3 -I D:/altera/quartus/sopc_builder/bin/europa -I D:/altera/quartus/sopc_builder/bin/perl_lib -I D:/altera/quartus/sopc_builder/bin -I D:/altera/quartus/../ip/altera/sopc_builder_ip/common -I D:/altera/quartus/../ip/altera/sopc_builder_ip/altera_avalon_onchip_memory2 -- D:/altera/quartus/../ip/altera/sopc_builder_ip/altera_avalon_onchip_memory2/generate_rtl.pl --name=System_onchip_memory2_0 --dir=C:/Users/PC/AppData/Local/Temp/alt0459_5263865708351200811.dir/0001_onchip_memory2_0_gen/ --quartus_dir=D:/altera/quartus --verilog --config=C:/Users/PC/AppData/Local/Temp/alt0459_5263865708351200811.dir/0001_onchip_memory2_0_gen//System_onchip_memory2_0_component_configuration.pl  --do_build_sim=1    --sim_dir=C:/Users/PC/AppData/Local/Temp/alt0459_5263865708351200811.dir/0001_onchip_memory2_0_gen/  ]
Info: onchip_memory2_0: Done RTL generation for module 'System_onchip_memory2_0'
Info: onchip_memory2_0: "System" instantiated altera_avalon_onchip_memory2 "onchip_memory2_0"
Info: nios2_qsys_0: Starting RTL generation for module 'System_nios2_qsys_0'
Info: nios2_qsys_0:   Generation command is [exec D:/altera/quartus/../ip/altera/nios2_ip/altera_nios2/eperl.exe -I D:/altera/quartus/common/ip/altera/common/perl/5.8.3 -I D:/altera/quartus/sopc_builder/bin/europa -I D:/altera/quartus/sopc_builder/bin/perl_lib -I D:/altera/quartus/sopc_builder/bin -I D:/altera/quartus/../ip/altera/nios2_ip/altera_nios2/cpu_lib -I D:/altera/quartus/../ip/altera/nios2_ip/altera_nios2/nios_lib -I D:/altera/quartus/../ip/altera/nios2_ip/altera_nios2 -I D:/altera/quartus/../ip/altera/nios2_ip/altera_nios2 -- D:/altera/quartus/../ip/altera/nios2_ip/altera_nios2/generate_rtl.epl --name=System_nios2_qsys_0 --dir=C:/Users/PC/AppData/Local/Temp/alt0459_5263865708351200811.dir/0002_nios2_qsys_0_gen/ --quartus_dir=D:/altera/quartus --verilog --config=C:/Users/PC/AppData/Local/Temp/alt0459_5263865708351200811.dir/0002_nios2_qsys_0_gen//System_nios2_qsys_0_processor_configuration.pl  --do_build_sim=1    --sim_dir=C:/Users/PC/AppData/Local/Temp/alt0459_5263865708351200811.dir/0002_nios2_qsys_0_gen/    --bogus  ]
Info: nios2_qsys_0: # 2026.01.06 13:16:05 (*) Starting Nios II generation
Info: nios2_qsys_0: # 2026.01.06 13:16:05 (*)   Checking for plaintext license.
Info: nios2_qsys_0: # 2026.01.06 13:16:07 (*)   Plaintext license not found.
Info: nios2_qsys_0: # 2026.01.06 13:16:07 (*)   No license required to generate encrypted Nios II/e.
Info: nios2_qsys_0: # 2026.01.06 13:16:07 (*)   Elaborating CPU configuration settings
Info: nios2_qsys_0: # 2026.01.06 13:16:07 (*)   Creating all objects for CPU
Info: nios2_qsys_0: # 2026.01.06 13:16:08 (*)   Creating 'C:/Users/PC/AppData/Local/Temp/alt0459_5263865708351200811.dir/0002_nios2_qsys_0_gen//System_nios2_qsys_0_nios2_waves.do'
Info: nios2_qsys_0: # 2026.01.06 13:16:08 (*)   Generating RTL from CPU objects
Info: nios2_qsys_0: # 2026.01.06 13:16:08 (*)   Creating plain-text RTL
Info: nios2_qsys_0: # 2026.01.06 13:16:09 (*) Done Nios II generation
Info: nios2_qsys_0: Done RTL generation for module 'System_nios2_qsys_0'
Info: nios2_qsys_0: "System" instantiated altera_nios2_qsys "nios2_qsys_0"
Info: jtag_uart_0: Starting RTL generation for module 'System_jtag_uart_0'
Info: jtag_uart_0:   Generation command is [exec D:/altera/quartus/bin/perl/bin/perl.exe -I D:/altera/quartus/common/ip/altera/common/perl/5.8.3 -I D:/altera/quartus/sopc_builder/bin/europa -I D:/altera/quartus/sopc_builder/bin/perl_lib -I D:/altera/quartus/sopc_builder/bin -I D:/altera/quartus/../ip/altera/sopc_builder_ip/common -I D:/altera/quartus/../ip/altera/sopc_builder_ip/altera_avalon_jtag_uart -- D:/altera/quartus/../ip/altera/sopc_builder_ip/altera_avalon_jtag_uart/generate_rtl.pl --name=System_jtag_uart_0 --dir=C:/Users/PC/AppData/Local/Temp/alt0459_5263865708351200811.dir/0003_jtag_uart_0_gen/ --quartus_dir=D:/altera/quartus --verilog --config=C:/Users/PC/AppData/Local/Temp/alt0459_5263865708351200811.dir/0003_jtag_uart_0_gen//System_jtag_uart_0_component_configuration.pl  --do_build_sim=1    --sim_dir=C:/Users/PC/AppData/Local/Temp/alt0459_5263865708351200811.dir/0003_jtag_uart_0_gen/  ]
Info: jtag_uart_0: Done RTL generation for module 'System_jtag_uart_0'
Info: jtag_uart_0: "System" instantiated altera_avalon_jtag_uart "jtag_uart_0"
Info: onchip_memory2_1: Starting RTL generation for module 'System_onchip_memory2_1'
Info: onchip_memory2_1:   Generation command is [exec D:/altera/quartus/bin/perl/bin/perl.exe -I D:/altera/quartus/common/ip/altera/common/perl/5.8.3 -I D:/altera/quartus/sopc_builder/bin/europa -I D:/altera/quartus/sopc_builder/bin/perl_lib -I D:/altera/quartus/sopc_builder/bin -I D:/altera/quartus/../ip/altera/sopc_builder_ip/common -I D:/altera/quartus/../ip/altera/sopc_builder_ip/altera_avalon_onchip_memory2 -- D:/altera/quartus/../ip/altera/sopc_builder_ip/altera_avalon_onchip_memory2/generate_rtl.pl --name=System_onchip_memory2_1 --dir=C:/Users/PC/AppData/Local/Temp/alt0459_5263865708351200811.dir/0004_onchip_memory2_1_gen/ --quartus_dir=D:/altera/quartus --verilog --config=C:/Users/PC/AppData/Local/Temp/alt0459_5263865708351200811.dir/0004_onchip_memory2_1_gen//System_onchip_memory2_1_component_configuration.pl  --do_build_sim=1    --sim_dir=C:/Users/PC/AppData/Local/Temp/alt0459_5263865708351200811.dir/0004_onchip_memory2_1_gen/  ]
Info: onchip_memory2_1: Done RTL generation for module 'System_onchip_memory2_1'
Info: onchip_memory2_1: "System" instantiated altera_avalon_onchip_memory2 "onchip_memory2_1"
Info: DMA_0: "System" instantiated DMA "DMA_0"
Info: nios2_qsys_0_instruction_master_translator: "System" instantiated altera_merlin_master_translator "nios2_qsys_0_instruction_master_translator"
Info: nios2_qsys_0_jtag_debug_module_translator: "System" instantiated altera_merlin_slave_translator "nios2_qsys_0_jtag_debug_module_translator"
Info: nios2_qsys_0_instruction_master_translator_avalon_universal_master_0_agent: "System" instantiated altera_merlin_master_agent "nios2_qsys_0_instruction_master_translator_avalon_universal_master_0_agent"
Info: nios2_qsys_0_jtag_debug_module_translator_avalon_universal_slave_0_agent: "System" instantiated altera_merlin_slave_agent "nios2_qsys_0_jtag_debug_module_translator_avalon_universal_slave_0_agent"
Info: nios2_qsys_0_jtag_debug_module_translator_avalon_universal_slave_0_agent_rsp_fifo: "System" instantiated altera_avalon_sc_fifo "nios2_qsys_0_jtag_debug_module_translator_avalon_universal_slave_0_agent_rsp_fifo"
Info: addr_router: "System" instantiated altera_merlin_router "addr_router"
Info: addr_router_001: "System" instantiated altera_merlin_router "addr_router_001"
Info: addr_router_002: "System" instantiated altera_merlin_router "addr_router_002"
Info: addr_router_003: "System" instantiated altera_merlin_router "addr_router_003"
Info: id_router: "System" instantiated altera_merlin_router "id_router"
Info: id_router_001: "System" instantiated altera_merlin_router "id_router_001"
Info: id_router_002: "System" instantiated altera_merlin_router "id_router_002"
Info: id_router_004: "System" instantiated altera_merlin_router "id_router_004"
Info: rst_controller: "System" instantiated altera_reset_controller "rst_controller"
Info: cmd_xbar_demux: "System" instantiated altera_merlin_demultiplexer "cmd_xbar_demux"
Info: cmd_xbar_demux_001: "System" instantiated altera_merlin_demultiplexer "cmd_xbar_demux_001"
Info: cmd_xbar_demux_002: "System" instantiated altera_merlin_demultiplexer "cmd_xbar_demux_002"
Info: cmd_xbar_mux: "System" instantiated altera_merlin_multiplexer "cmd_xbar_mux"
Info: cmd_xbar_mux_001: "System" instantiated altera_merlin_multiplexer "cmd_xbar_mux_001"
Info: Reusing file D:/CE213/Tailieuthuchanh/Lab3/Lab3/DMAFinal/DMAFinal/System/simulation/submodules/altera_merlin_arbitrator.sv
Info: rsp_xbar_demux: "System" instantiated altera_merlin_demultiplexer "rsp_xbar_demux"
Info: rsp_xbar_demux_001: "System" instantiated altera_merlin_demultiplexer "rsp_xbar_demux_001"
Info: rsp_xbar_mux: "System" instantiated altera_merlin_multiplexer "rsp_xbar_mux"
Info: Reusing file D:/CE213/Tailieuthuchanh/Lab3/Lab3/DMAFinal/DMAFinal/System/simulation/submodules/altera_merlin_arbitrator.sv
Info: rsp_xbar_mux_001: "System" instantiated altera_merlin_multiplexer "rsp_xbar_mux_001"
Info: Reusing file D:/CE213/Tailieuthuchanh/Lab3/Lab3/DMAFinal/DMAFinal/System/simulation/submodules/altera_merlin_arbitrator.sv
Info: irq_mapper: "System" instantiated altera_irq_mapper "irq_mapper"
Info: System: Done System" with 30 modules, 87 files, 1652586 bytes
Info: ip-generate succeeded.
Info: Finished: Create simulation model
Info: Starting: Create Modelsim Project.
Info: sim-script-gen --spd=D:/CE213/Tailieuthuchanh/Lab3/Lab3/DMAFinal/DMAFinal/System.spd --output-directory=D:/CE213/Tailieuthuchanh/Lab3/Lab3/DMAFinal/DMAFinal/System/simulation/
Info: Doing: ip-make-simscript --spd=D:/CE213/Tailieuthuchanh/Lab3/Lab3/DMAFinal/DMAFinal/System.spd --output-directory=D:/CE213/Tailieuthuchanh/Lab3/Lab3/DMAFinal/DMAFinal/System/simulation/
Info: Generating the following file(s) for MODELSIM simulator in D:/CE213/Tailieuthuchanh/Lab3/Lab3/DMAFinal/DMAFinal/System/simulation/ directory:
Info: 	mentor/msim_setup.tcl
Info: Generating the following file(s) for VCS simulator in D:/CE213/Tailieuthuchanh/Lab3/Lab3/DMAFinal/DMAFinal/System/simulation/ directory:
Info: 	synopsys/vcs/vcs_setup.sh
Info: Generating the following file(s) for VCSMX simulator in D:/CE213/Tailieuthuchanh/Lab3/Lab3/DMAFinal/DMAFinal/System/simulation/ directory:
Info: 	synopsys/vcsmx/synopsys_sim.setup
Info: 	synopsys/vcsmx/vcsmx_setup.sh
Info: Generating the following file(s) for NCSIM simulator in D:/CE213/Tailieuthuchanh/Lab3/Lab3/DMAFinal/DMAFinal/System/simulation/ directory:
Info: 	cadence/cds.lib
Info: 	cadence/hdl.var
Info: 	cadence/ncsim_setup.sh
Info: 	29 .cds.lib files in cadence/cds_libs/ directory
Info: Generating the following file(s) for RIVIERAPRO simulator in D:/CE213/Tailieuthuchanh/Lab3/Lab3/DMAFinal/DMAFinal/System/simulation/ directory:
Info: 	aldec/rivierapro_setup.tcl
Info: Finished: Create Modelsim Project.
Info: 
Info: Starting: Create testbench Qsys system
Info: D:/CE213/Tailieuthuchanh/Lab3/Lab3/DMAFinal/DMAFinal/System/testbench/System.ipx
Info: ip-generate --project-directory=D:/CE213/Tailieuthuchanh/Lab3/Lab3/DMAFinal/DMAFinal/ --output-directory=D:/CE213/Tailieuthuchanh/Lab3/Lab3/DMAFinal/DMAFinal/ --report-file=sopcinfo:D:/CE213/Tailieuthuchanh/Lab3/Lab3/DMAFinal/DMAFinal/System.sopcinfo --report-file=html:D:/CE213/Tailieuthuchanh/Lab3/Lab3/DMAFinal/DMAFinal/System.html --system-info=DEVICE_FAMILY="Cyclone II" --system-info=DEVICE=EP2C35F672C6 --system-info=DEVICE_SPEEDGRADE=6 --component-file=D:/CE213/Tailieuthuchanh/Lab3/Lab3/DMAFinal/DMAFinal/System.qsys
Progress: Loading DMAFinal/System.qsys
Progress: Reading input file
Progress: Adding clk_0 [clock_source 13.0]
Progress: Parameterizing module clk_0
Progress: Adding onchip_memory2_0 [altera_avalon_onchip_memory2 13.0.1.99.2]
Progress: Parameterizing module onchip_memory2_0
Progress: Adding nios2_qsys_0 [altera_nios2_qsys 13.0]
Progress: Parameterizing module nios2_qsys_0
Progress: Adding jtag_uart_0 [altera_avalon_jtag_uart 13.0.1.99.2]
Progress: Parameterizing module jtag_uart_0
Progress: Adding onchip_memory2_1 [altera_avalon_onchip_memory2 13.0.1.99.2]
Progress: Parameterizing module onchip_memory2_1
Progress: Adding DMA_0 [DMA 1.0]
Progress: Parameterizing module DMA_0
Progress: Building connections
Progress: Parameterizing connections
Progress: Validating
Progress: Done reading input file
Info: ip-generate succeeded.
Info: Loading component library for testbench.
Progress: 
Progress: 
Progress: 
Progress: (1) searching D:/altera/quartus/sopc_builder/bin/root_components.ipx (ipx file)
Info: Reading index D:/altera/quartus/sopc_builder/bin/root_components.ipx
Info: D:/altera/quartus/sopc_builder/bin/root_components.ipx: Loading now from components.ipx
Info: Reading index D:/altera/quartus/sopc_builder/bin/ip_component_categories.ipx
Info: D:/altera/quartus/sopc_builder/bin/ip_component_categories.ipx described 0 plugins, 0 paths, in 0.01 seconds
Info: D:/altera/quartus/sopc_builder/bin/ip_component_categories.ipx matched 1 files in 0.01 seconds
Info: Reading index D:/altera/ip/altera/altera_components.ipx
Info: D:/altera/ip/altera/altera_components.ipx described 848 plugins, 0 paths, in 0.08 seconds
Info: D:/altera/ip/**/* matched 97 files in 0.08 seconds
Info: C:/Users/PC/.altera.quartus/ip/13.0sp1/**/* matched 0 files in 0.00 seconds
Info: D:/CE213/Tailieuthuchanh/Lab3/Lab3/DMAFinal/DMAFinal/System/testbench/ip/**/* matched 0 files in 0.00 seconds
Info: Reading index D:/CE213/Tailieuthuchanh/Lab3/Lab3/DMAFinal/DMAFinal/System/testbench/System.ipx
Progress: Loading DMAFinal/DMA_hw.tcl
Progress: Loading DMAFinal/System.qsys
Info: D:/CE213/Tailieuthuchanh/Lab3/Lab3/DMAFinal/DMAFinal/* matched 35 files in 0.02 seconds
Info: D:/CE213/Tailieuthuchanh/Lab3/Lab3/DMAFinal/DMAFinal/ip/**/* matched 0 files in 0.00 seconds
Info: D:/CE213/Tailieuthuchanh/Lab3/Lab3/DMAFinal/DMAFinal/*/* matched 559 files in 0.01 seconds
Info: D:/CE213/Tailieuthuchanh/Lab3/Lab3/DMAFinal/DMAFinal/System/testbench/System.ipx described 0 plugins, 3 paths, in 0.04 seconds
Progress: Loading testbench/System_tb.qsys
Info: D:/CE213/Tailieuthuchanh/Lab3/Lab3/DMAFinal/DMAFinal/System/testbench/* matched 8 files in 0.05 seconds
Info: D:/CE213/Tailieuthuchanh/Lab3/Lab3/DMAFinal/DMAFinal/System/testbench/*/* matched 9 files in 0.00 seconds
Info: Reading index D:/altera/quartus/sopc_builder/builtin.ipx
Info: D:/altera/quartus/sopc_builder/builtin.ipx described 103 plugins, 0 paths, in 0.01 seconds
Info: D:/altera/quartus/sopc_builder/**/* matched 9 files in 0.01 seconds
Info: Reading index D:/altera/quartus/common/librarian/factories/index.ipx
Info: D:/altera/quartus/common/librarian/factories/index.ipx described 151 plugins, 0 paths, in 0.01 seconds
Info: D:/altera/quartus/common/librarian/factories/**/* matched 4 files in 0.01 seconds
Info: D:/altera/quartus/sopc_builder/bin/$IP_IPX_PATH matched 1 files in 0.00 seconds
Info: D:/altera/quartus/sopc_builder/bin/root_components.ipx described 0 plugins, 9 paths, in 0.16 seconds
Info: D:/altera/quartus/sopc_builder/bin/root_components.ipx matched 1 files in 0.16 seconds
Progress: 
Progress: 
Progress: 
Info: Loading presets
Progress: Loading presets
Info: Running script D:/altera/quartus/sopc_builder/bin/tbgen.tcl
Info: acds::register_package_version 12.1
Info: send_message Info TB_Gen: QSYS Testbench Generator Rev: $Revision: #2 $
Info: TB_Gen: QSYS Testbench Generator Rev: $Revision: #2 $
Info: get_module_property NAME
Info: send_message Info TB_Gen: System design is: System
Info: TB_Gen: System design is: System
Info: get_interfaces 
Info: get_connections 
Info: get_interface_property clk EXPORT_OF
Info: get_instance_property clk_0 CLASS_NAME
Info: get_instance_assignment clk_0 testbench.partner.map.clk_in
Info: get_interface_property reset EXPORT_OF
Info: get_instance_property clk_0 CLASS_NAME
Info: get_instance_assignment clk_0 testbench.partner.map.clk_in_reset
Info: send_message Info TB_Gen: Creating testbench system : System_tb with all standard BFMs
Info: TB_Gen: Creating testbench system : System_tb with all standard BFMs
Info: create_system System_tb
Info: add_instance System_inst System 
Info: set_use_testbench_naming_pattern true
Info: get_instance_interfaces System_inst
Info: get_instance_interface_property System_inst clk CLASS_NAME
Info: get_instance_interface_property System_inst reset CLASS_NAME
Info: get_instance_interface_property System_inst clk CLASS_NAME
Info: send_message Info TB_Gen: clock_sink found: clk
Info: TB_Gen: clock_sink found: clk
Info: get_instance_interface_property System_inst clk CLASS_NAME
Info: add_instance System_inst_clk_bfm altera_avalon_clock_source 
Info: get_instance_property System_inst_clk_bfm CLASS_NAME
Info: get_instance_interface_parameter_value System_inst clk clockRate
Info: set_instance_parameter_value System_inst_clk_bfm CLOCK_RATE 50000000.0
Info: set_instance_parameter_value System_inst_clk_bfm CLOCK_UNIT 1
Info: get_instance_property System_inst_clk_bfm CLASS_NAME
Info: get_instance_interface_property System_inst clk CLASS_NAME
Info: get_instance_interfaces System_inst_clk_bfm
Info: get_instance_interface_property System_inst_clk_bfm clk CLASS_NAME
Info: add_connection System_inst_clk_bfm.clk System_inst.clk
Info: get_instance_interface_property System_inst reset CLASS_NAME
Info: send_message Info TB_Gen: reset_sink found: reset
Info: TB_Gen: reset_sink found: reset
Info: get_instance_interface_property System_inst reset CLASS_NAME
Info: add_instance System_inst_reset_bfm altera_avalon_reset_source 
Info: get_instance_property System_inst_reset_bfm CLASS_NAME
Info: get_instance_interface_ports System_inst reset
Info: get_instance_interface_port_property System_inst reset reset_reset_n ROLE
Info: set_instance_parameter_value System_inst_reset_bfm ASSERT_HIGH_RESET 0
Info: set_instance_parameter_value System_inst_reset_bfm INITIAL_RESET_CYCLES 50
Info: get_instance_property System_inst_reset_bfm CLASS_NAME
Info: get_instance_interfaces System_inst_reset_bfm
Info: get_instance_interface_property System_inst_reset_bfm reset CLASS_NAME
Info: get_instance_interface_property System_inst_reset_bfm clk CLASS_NAME
Info: get_instance_property System_inst_reset_bfm CLASS_NAME
Info: get_instance_interface_parameter_value System_inst reset associatedClock
Info: get_instance_interfaces System_inst_clk_bfm
Info: get_instance_interface_property System_inst_clk_bfm clk CLASS_NAME
Info: send_message Warning TB_Gen: System_inst_reset_bfm is not associated to any clock; connecting System_inst_reset_bfm to 'System_inst_clk_bfm.clk'
Warning: TB_Gen: System_inst_reset_bfm is not associated to any clock; connecting System_inst_reset_bfm to 'System_inst_clk_bfm.clk'
Info: add_connection System_inst_clk_bfm.clk System_inst_reset_bfm.clk
Info: get_instance_interface_property System_inst reset CLASS_NAME
Info: get_instance_interfaces System_inst_reset_bfm
Info: get_instance_interface_property System_inst_reset_bfm reset CLASS_NAME
Info: get_instance_interface_property System_inst_reset_bfm clk CLASS_NAME
Info: add_connection System_inst_reset_bfm.reset System_inst.reset
Info: send_message Info TB_Gen: Saving testbench system: System_tb.qsys
Info: TB_Gen: Saving testbench system: System_tb.qsys
Info: save_system System_tb.qsys
Info: send_message Info TB_Gen: TBGEN SUCCESSFUL
Info: TB_Gen: TBGEN SUCCESSFUL
Info: Testbench system: D:/CE213/Tailieuthuchanh/Lab3/Lab3/DMAFinal/DMAFinal/System/testbench/System_tb.qsys
Info: Done
Info: ip-generate --project-directory=D:/CE213/Tailieuthuchanh/Lab3/Lab3/DMAFinal/DMAFinal/System/testbench/ --output-directory=D:/CE213/Tailieuthuchanh/Lab3/Lab3/DMAFinal/DMAFinal/System/testbench/System_tb/simulation/ --file-set=SIM_VERILOG --report-file=html:D:/CE213/Tailieuthuchanh/Lab3/Lab3/DMAFinal/DMAFinal/System/testbench/System_tb.html --system-info=DEVICE_FAMILY="Cyclone II" --system-info=DEVICE=EP2C35F672C6 --system-info=DEVICE_SPEEDGRADE=6 --component-file=D:/CE213/Tailieuthuchanh/Lab3/Lab3/DMAFinal/DMAFinal/System/testbench/System_tb.qsys --report-file=csv:D:/CE213/Tailieuthuchanh/Lab3/Lab3/DMAFinal/DMAFinal/System_tb.csv --report-file=spd:D:/CE213/Tailieuthuchanh/Lab3/Lab3/DMAFinal/DMAFinal/System_tb.spd
Progress: Loading testbench/System_tb.qsys
Progress: Reading input file
Progress: Adding System_inst [System 1.0]
Progress: Parameterizing module System_inst
Progress: Adding System_inst_clk_bfm [altera_avalon_clock_source 13.0]
Progress: Parameterizing module System_inst_clk_bfm
Progress: Adding System_inst_reset_bfm [altera_avalon_reset_source 13.0]
Progress: Parameterizing module System_inst_reset_bfm
Progress: Building connections
Progress: Parameterizing connections
Progress: Validating
Progress: Done reading input file
Info: System_tb.System_inst_clk_bfm: Elaborate: altera_clock_source
Info: System_tb.System_inst_clk_bfm:            $Revision: #1 $
Info: System_tb.System_inst_clk_bfm:            $Date: 2013/03/07 $
Info: System_tb.System_inst_reset_bfm: Elaborate: altera_reset_source
Info: System_tb.System_inst_reset_bfm:            $Revision: #1 $
Info: System_tb.System_inst_reset_bfm:            $Date: 2013/03/07 $
Info: System_tb.System_inst_reset_bfm: Reset is negatively asserted.
Info: System_tb: Generating System_tb "System_tb" for SIM_VERILOG
Info: pipeline_bridge_swap_transform: After transform: 3 modules, 3 connections
Info: No custom instruction connections, skipping transform 
Info: No Avalon connections, skipping transform 
Info: merlin_translator_transform: After transform: 3 modules, 3 connections
Info: pipeline_bridge_swap_transform: After transform: 6 modules, 27 connections
Info: No custom instruction connections, skipping transform 
Info: merlin_translator_transform: After transform: 15 modules, 63 connections
Info: merlin_domain_transform: After transform: 30 modules, 163 connections
Info: merlin_router_transform: After transform: 39 modules, 199 connections
Info: reset_adaptation_transform: After transform: 40 modules, 156 connections
Info: merlin_network_to_switch_transform: After transform: 57 modules, 196 connections
Info: merlin_mm_transform: After transform: 57 modules, 196 connections
Info: merlin_interrupt_mapper_transform: After transform: 58 modules, 199 connections
Warning: System_inst: "No matching role found for rst_controller:reset_out:reset_req (reset_req)"
Warning: System_inst: "No matching role found for rst_controller:reset_out:reset_req (reset_req)"
Warning: System_inst: "No matching role found for rst_controller:reset_out:reset_req (reset_req)"
Warning: System_inst: "No matching role found for rst_controller:reset_out:reset_req (reset_req)"
Warning: System_inst: "No matching role found for rst_controller:reset_out:reset_req (reset_req)"
Warning: System_inst: "No matching role found for rst_controller:reset_out:reset_req (reset_req)"
Warning: System_inst: "No matching role found for rst_controller:reset_out:reset_req (reset_req)"
Warning: System_inst: "No matching role found for rst_controller:reset_out:reset_req (reset_req)"
Warning: System_inst: "No matching role found for rst_controller:reset_out:reset_req (reset_req)"
Warning: System_inst: "No matching role found for rst_controller:reset_out:reset_req (reset_req)"
Warning: System_inst: "No matching role found for rst_controller:reset_out:reset_req (reset_req)"
Warning: System_inst: "No matching role found for rst_controller:reset_out:reset_req (reset_req)"
Warning: System_inst: "No matching role found for rst_controller:reset_out:reset_req (reset_req)"
Warning: System_inst: "No matching role found for rst_controller:reset_out:reset_req (reset_req)"
Warning: System_inst: "No matching role found for rst_controller:reset_out:reset_req (reset_req)"
Warning: System_inst: "No matching role found for rst_controller:reset_out:reset_req (reset_req)"
Warning: System_inst: "No matching role found for rst_controller:reset_out:reset_req (reset_req)"
Warning: System_inst: "No matching role found for rst_controller:reset_out:reset_req (reset_req)"
Warning: System_inst: "No matching role found for rst_controller:reset_out:reset_req (reset_req)"
Warning: System_inst: "No matching role found for rst_controller:reset_out:reset_req (reset_req)"
Warning: System_inst: "No matching role found for rst_controller:reset_out:reset_req (reset_req)"
Warning: System_inst: "No matching role found for rst_controller:reset_out:reset_req (reset_req)"
Warning: System_inst: "No matching role found for rst_controller:reset_out:reset_req (reset_req)"
Warning: System_inst: "No matching role found for rst_controller:reset_out:reset_req (reset_req)"
Warning: System_inst: "No matching role found for rst_controller:reset_out:reset_req (reset_req)"
Warning: System_inst: "No matching role found for rst_controller:reset_out:reset_req (reset_req)"
Warning: System_inst: "No matching role found for rst_controller:reset_out:reset_req (reset_req)"
Warning: System_inst: "No matching role found for rst_controller:reset_out:reset_req (reset_req)"
Warning: System_inst: "No matching role found for rst_controller:reset_out:reset_req (reset_req)"
Warning: System_inst: "No matching role found for rst_controller:reset_out:reset_req (reset_req)"
Warning: System_inst: "No matching role found for rst_controller:reset_out:reset_req (reset_req)"
Warning: System_inst: "No matching role found for rst_controller:reset_out:reset_req (reset_req)"
Warning: System_inst: "No matching role found for rst_controller:reset_out:reset_req (reset_req)"
Warning: System_inst: "No matching role found for rst_controller:reset_out:reset_req (reset_req)"
Warning: System_inst: "No matching role found for rst_controller:reset_out:reset_req (reset_req)"
Warning: System_inst: "No matching role found for rst_controller:reset_out:reset_req (reset_req)"
Warning: System_inst: "No matching role found for rst_controller:reset_out:reset_req (reset_req)"
Warning: System_inst: "No matching role found for rst_controller:reset_out:reset_req (reset_req)"
Warning: System_inst: "No matching role found for rst_controller:reset_out:reset_req (reset_req)"
Warning: System_inst: "No matching role found for rst_controller:reset_out:reset_req (reset_req)"
Warning: System_inst: "No matching role found for rst_controller:reset_out:reset_req (reset_req)"
Warning: System_inst: "No matching role found for rst_controller:reset_out:reset_req (reset_req)"
Warning: System_inst: "No matching role found for rst_controller:reset_out:reset_req (reset_req)"
Warning: System_inst: "No matching role found for rst_controller:reset_out:reset_req (reset_req)"
Warning: System_inst: "No matching role found for rst_controller:reset_out:reset_req (reset_req)"
Warning: System_inst: "No matching role found for rst_controller:reset_out:reset_req (reset_req)"
Warning: System_inst: "No matching role found for rst_controller:reset_out:reset_req (reset_req)"
Warning: System_inst: "No matching role found for rst_controller:reset_out:reset_req (reset_req)"
Warning: System_inst: "No matching role found for rst_controller:reset_out:reset_req (reset_req)"
Warning: System_inst: "No matching role found for rst_controller:reset_out:reset_req (reset_req)"
Warning: System_inst: "No matching role found for rst_controller:reset_out:reset_req (reset_req)"
Warning: System_inst: "No matching role found for rst_controller:reset_out:reset_req (reset_req)"
Warning: System_inst: "No matching role found for rst_controller:reset_out:reset_req (reset_req)"
Warning: System_inst: "No matching role found for rst_controller:reset_out:reset_req (reset_req)"
Info: System_inst: "System_tb" instantiated System "System_inst"
Info: System_inst_clk_bfm: "System_tb" instantiated altera_avalon_clock_source "System_inst_clk_bfm"
Info: System_inst_reset_bfm: "System_tb" instantiated altera_avalon_reset_source "System_inst_reset_bfm"
Info: Reusing file D:/CE213/Tailieuthuchanh/Lab3/Lab3/DMAFinal/DMAFinal/System/testbench/System_tb/simulation/submodules/verbosity_pkg.sv
Info: onchip_memory2_0: Starting RTL generation for module 'System_onchip_memory2_0'
Info: onchip_memory2_0:   Generation command is [exec D:/altera/quartus/bin/perl/bin/perl.exe -I D:/altera/quartus/common/ip/altera/common/perl/5.8.3 -I D:/altera/quartus/sopc_builder/bin/europa -I D:/altera/quartus/sopc_builder/bin/perl_lib -I D:/altera/quartus/sopc_builder/bin -I D:/altera/quartus/../ip/altera/sopc_builder_ip/common -I D:/altera/quartus/../ip/altera/sopc_builder_ip/altera_avalon_onchip_memory2 -- D:/altera/quartus/../ip/altera/sopc_builder_ip/altera_avalon_onchip_memory2/generate_rtl.pl --name=System_onchip_memory2_0 --dir=C:/Users/PC/AppData/Local/Temp/alt0459_5263865708351200811.dir/0032_onchip_memory2_0_gen/ --quartus_dir=D:/altera/quartus --verilog --config=C:/Users/PC/AppData/Local/Temp/alt0459_5263865708351200811.dir/0032_onchip_memory2_0_gen//System_onchip_memory2_0_component_configuration.pl  --do_build_sim=1    --sim_dir=C:/Users/PC/AppData/Local/Temp/alt0459_5263865708351200811.dir/0032_onchip_memory2_0_gen/  ]
Info: onchip_memory2_0: Done RTL generation for module 'System_onchip_memory2_0'
Info: onchip_memory2_0: "System_inst" instantiated altera_avalon_onchip_memory2 "onchip_memory2_0"
Info: nios2_qsys_0: Starting RTL generation for module 'System_nios2_qsys_0'
Info: nios2_qsys_0:   Generation command is [exec D:/altera/quartus/../ip/altera/nios2_ip/altera_nios2/eperl.exe -I D:/altera/quartus/common/ip/altera/common/perl/5.8.3 -I D:/altera/quartus/sopc_builder/bin/europa -I D:/altera/quartus/sopc_builder/bin/perl_lib -I D:/altera/quartus/sopc_builder/bin -I D:/altera/quartus/../ip/altera/nios2_ip/altera_nios2/cpu_lib -I D:/altera/quartus/../ip/altera/nios2_ip/altera_nios2/nios_lib -I D:/altera/quartus/../ip/altera/nios2_ip/altera_nios2 -I D:/altera/quartus/../ip/altera/nios2_ip/altera_nios2 -- D:/altera/quartus/../ip/altera/nios2_ip/altera_nios2/generate_rtl.epl --name=System_nios2_qsys_0 --dir=C:/Users/PC/AppData/Local/Temp/alt0459_5263865708351200811.dir/0033_nios2_qsys_0_gen/ --quartus_dir=D:/altera/quartus --verilog --config=C:/Users/PC/AppData/Local/Temp/alt0459_5263865708351200811.dir/0033_nios2_qsys_0_gen//System_nios2_qsys_0_processor_configuration.pl  --do_build_sim=1    --sim_dir=C:/Users/PC/AppData/Local/Temp/alt0459_5263865708351200811.dir/0033_nios2_qsys_0_gen/    --bogus  ]
Info: nios2_qsys_0: # 2026.01.06 13:16:18 (*) Starting Nios II generation
Info: nios2_qsys_0: # 2026.01.06 13:16:18 (*)   Checking for plaintext license.
Info: nios2_qsys_0: # 2026.01.06 13:16:18 (*)   Plaintext license not found.
Info: nios2_qsys_0: # 2026.01.06 13:16:18 (*)   No license required to generate encrypted Nios II/e.
Info: nios2_qsys_0: # 2026.01.06 13:16:18 (*)   Elaborating CPU configuration settings
Info: nios2_qsys_0: # 2026.01.06 13:16:18 (*)   Creating all objects for CPU
Info: nios2_qsys_0: # 2026.01.06 13:16:19 (*)   Creating 'C:/Users/PC/AppData/Local/Temp/alt0459_5263865708351200811.dir/0033_nios2_qsys_0_gen//System_nios2_qsys_0_nios2_waves.do'
Info: nios2_qsys_0: # 2026.01.06 13:16:19 (*)   Generating RTL from CPU objects
Info: nios2_qsys_0: # 2026.01.06 13:16:19 (*)   Creating plain-text RTL
Info: nios2_qsys_0: # 2026.01.06 13:16:20 (*) Done Nios II generation
Info: nios2_qsys_0: Done RTL generation for module 'System_nios2_qsys_0'
Info: nios2_qsys_0: "System_inst" instantiated altera_nios2_qsys "nios2_qsys_0"
Info: jtag_uart_0: Starting RTL generation for module 'System_jtag_uart_0'
Info: jtag_uart_0:   Generation command is [exec D:/altera/quartus/bin/perl/bin/perl.exe -I D:/altera/quartus/common/ip/altera/common/perl/5.8.3 -I D:/altera/quartus/sopc_builder/bin/europa -I D:/altera/quartus/sopc_builder/bin/perl_lib -I D:/altera/quartus/sopc_builder/bin -I D:/altera/quartus/../ip/altera/sopc_builder_ip/common -I D:/altera/quartus/../ip/altera/sopc_builder_ip/altera_avalon_jtag_uart -- D:/altera/quartus/../ip/altera/sopc_builder_ip/altera_avalon_jtag_uart/generate_rtl.pl --name=System_jtag_uart_0 --dir=C:/Users/PC/AppData/Local/Temp/alt0459_5263865708351200811.dir/0034_jtag_uart_0_gen/ --quartus_dir=D:/altera/quartus --verilog --config=C:/Users/PC/AppData/Local/Temp/alt0459_5263865708351200811.dir/0034_jtag_uart_0_gen//System_jtag_uart_0_component_configuration.pl  --do_build_sim=1    --sim_dir=C:/Users/PC/AppData/Local/Temp/alt0459_5263865708351200811.dir/0034_jtag_uart_0_gen/  ]
Info: jtag_uart_0: Done RTL generation for module 'System_jtag_uart_0'
Info: jtag_uart_0: "System_inst" instantiated altera_avalon_jtag_uart "jtag_uart_0"
Info: onchip_memory2_1: Starting RTL generation for module 'System_onchip_memory2_1'
Info: onchip_memory2_1:   Generation command is [exec D:/altera/quartus/bin/perl/bin/perl.exe -I D:/altera/quartus/common/ip/altera/common/perl/5.8.3 -I D:/altera/quartus/sopc_builder/bin/europa -I D:/altera/quartus/sopc_builder/bin/perl_lib -I D:/altera/quartus/sopc_builder/bin -I D:/altera/quartus/../ip/altera/sopc_builder_ip/common -I D:/altera/quartus/../ip/altera/sopc_builder_ip/altera_avalon_onchip_memory2 -- D:/altera/quartus/../ip/altera/sopc_builder_ip/altera_avalon_onchip_memory2/generate_rtl.pl --name=System_onchip_memory2_1 --dir=C:/Users/PC/AppData/Local/Temp/alt0459_5263865708351200811.dir/0035_onchip_memory2_1_gen/ --quartus_dir=D:/altera/quartus --verilog --config=C:/Users/PC/AppData/Local/Temp/alt0459_5263865708351200811.dir/0035_onchip_memory2_1_gen//System_onchip_memory2_1_component_configuration.pl  --do_build_sim=1    --sim_dir=C:/Users/PC/AppData/Local/Temp/alt0459_5263865708351200811.dir/0035_onchip_memory2_1_gen/  ]
Info: onchip_memory2_1: Done RTL generation for module 'System_onchip_memory2_1'
Info: onchip_memory2_1: "System_inst" instantiated altera_avalon_onchip_memory2 "onchip_memory2_1"
Info: DMA_0: "System_inst" instantiated DMA "DMA_0"
Info: nios2_qsys_0_instruction_master_translator: "System_inst" instantiated altera_merlin_master_translator "nios2_qsys_0_instruction_master_translator"
Info: nios2_qsys_0_jtag_debug_module_translator: "System_inst" instantiated altera_merlin_slave_translator "nios2_qsys_0_jtag_debug_module_translator"
Info: nios2_qsys_0_instruction_master_translator_avalon_universal_master_0_agent: "System_inst" instantiated altera_merlin_master_agent "nios2_qsys_0_instruction_master_translator_avalon_universal_master_0_agent"
Info: nios2_qsys_0_jtag_debug_module_translator_avalon_universal_slave_0_agent: "System_inst" instantiated altera_merlin_slave_agent "nios2_qsys_0_jtag_debug_module_translator_avalon_universal_slave_0_agent"
Info: nios2_qsys_0_jtag_debug_module_translator_avalon_universal_slave_0_agent_rsp_fifo: "System_inst" instantiated altera_avalon_sc_fifo "nios2_qsys_0_jtag_debug_module_translator_avalon_universal_slave_0_agent_rsp_fifo"
Info: addr_router: "System_inst" instantiated altera_merlin_router "addr_router"
Info: addr_router_001: "System_inst" instantiated altera_merlin_router "addr_router_001"
Info: addr_router_002: "System_inst" instantiated altera_merlin_router "addr_router_002"
Info: addr_router_003: "System_inst" instantiated altera_merlin_router "addr_router_003"
Info: id_router: "System_inst" instantiated altera_merlin_router "id_router"
Info: id_router_001: "System_inst" instantiated altera_merlin_router "id_router_001"
Info: id_router_002: "System_inst" instantiated altera_merlin_router "id_router_002"
Info: id_router_004: "System_inst" instantiated altera_merlin_router "id_router_004"
Info: rst_controller: "System_inst" instantiated altera_reset_controller "rst_controller"
Info: cmd_xbar_demux: "System_inst" instantiated altera_merlin_demultiplexer "cmd_xbar_demux"
Info: cmd_xbar_demux_001: "System_inst" instantiated altera_merlin_demultiplexer "cmd_xbar_demux_001"
Info: cmd_xbar_demux_002: "System_inst" instantiated altera_merlin_demultiplexer "cmd_xbar_demux_002"
Info: cmd_xbar_mux: "System_inst" instantiated altera_merlin_multiplexer "cmd_xbar_mux"
Info: cmd_xbar_mux_001: "System_inst" instantiated altera_merlin_multiplexer "cmd_xbar_mux_001"
Info: Reusing file D:/CE213/Tailieuthuchanh/Lab3/Lab3/DMAFinal/DMAFinal/System/testbench/System_tb/simulation/submodules/altera_merlin_arbitrator.sv
Info: rsp_xbar_demux: "System_inst" instantiated altera_merlin_demultiplexer "rsp_xbar_demux"
Info: rsp_xbar_demux_001: "System_inst" instantiated altera_merlin_demultiplexer "rsp_xbar_demux_001"
Info: rsp_xbar_mux: "System_inst" instantiated altera_merlin_multiplexer "rsp_xbar_mux"
Info: Reusing file D:/CE213/Tailieuthuchanh/Lab3/Lab3/DMAFinal/DMAFinal/System/testbench/System_tb/simulation/submodules/altera_merlin_arbitrator.sv
Info: rsp_xbar_mux_001: "System_inst" instantiated altera_merlin_multiplexer "rsp_xbar_mux_001"
Info: Reusing file D:/CE213/Tailieuthuchanh/Lab3/Lab3/DMAFinal/DMAFinal/System/testbench/System_tb/simulation/submodules/altera_merlin_arbitrator.sv
Info: irq_mapper: "System_inst" instantiated altera_irq_mapper "irq_mapper"
Info: System_tb: Done System_tb" with 33 modules, 91 files, 1667370 bytes
Info: ip-generate succeeded.
Info: sim-script-gen --spd=D:/CE213/Tailieuthuchanh/Lab3/Lab3/DMAFinal/DMAFinal/System_tb.spd --output-directory=D:/CE213/Tailieuthuchanh/Lab3/Lab3/DMAFinal/DMAFinal/System/testbench/
Info: Doing: ip-make-simscript --spd=D:/CE213/Tailieuthuchanh/Lab3/Lab3/DMAFinal/DMAFinal/System_tb.spd --output-directory=D:/CE213/Tailieuthuchanh/Lab3/Lab3/DMAFinal/DMAFinal/System/testbench/
Info: Generating the following file(s) for MODELSIM simulator in D:/CE213/Tailieuthuchanh/Lab3/Lab3/DMAFinal/DMAFinal/System/testbench/ directory:
Info: 	mentor/msim_setup.tcl
Info: Generating the following file(s) for VCS simulator in D:/CE213/Tailieuthuchanh/Lab3/Lab3/DMAFinal/DMAFinal/System/testbench/ directory:
Info: 	synopsys/vcs/vcs_setup.sh
Info: Generating the following file(s) for VCSMX simulator in D:/CE213/Tailieuthuchanh/Lab3/Lab3/DMAFinal/DMAFinal/System/testbench/ directory:
Info: 	synopsys/vcsmx/synopsys_sim.setup
Info: 	synopsys/vcsmx/vcsmx_setup.sh
Info: Generating the following file(s) for NCSIM simulator in D:/CE213/Tailieuthuchanh/Lab3/Lab3/DMAFinal/DMAFinal/System/testbench/ directory:
Info: 	cadence/cds.lib
Info: 	cadence/hdl.var
Info: 	cadence/ncsim_setup.sh
Info: 	32 .cds.lib files in cadence/cds_libs/ directory
Info: Generating the following file(s) for RIVIERAPRO simulator in D:/CE213/Tailieuthuchanh/Lab3/Lab3/DMAFinal/DMAFinal/System/testbench/ directory:
Info: 	aldec/rivierapro_setup.tcl
Info: Finished: Create testbench Qsys system
Info: Starting: Create block symbol file (.bsf)
Info: ip-generate --project-directory=D:/CE213/Tailieuthuchanh/Lab3/Lab3/DMAFinal/DMAFinal/ --output-directory=D:/CE213/Tailieuthuchanh/Lab3/Lab3/DMAFinal/DMAFinal/System/ --report-file=bsf:D:/CE213/Tailieuthuchanh/Lab3/Lab3/DMAFinal/DMAFinal/System.bsf --system-info=DEVICE_FAMILY="Cyclone II" --system-info=DEVICE=EP2C35F672C6 --system-info=DEVICE_SPEEDGRADE=6 --component-file=D:/CE213/Tailieuthuchanh/Lab3/Lab3/DMAFinal/DMAFinal/System.qsys
Progress: Loading DMAFinal/System.qsys
Progress: Reading input file
Progress: Adding clk_0 [clock_source 13.0]
Progress: Parameterizing module clk_0
Progress: Adding onchip_memory2_0 [altera_avalon_onchip_memory2 13.0.1.99.2]
Progress: Parameterizing module onchip_memory2_0
Progress: Adding nios2_qsys_0 [altera_nios2_qsys 13.0]
Progress: Parameterizing module nios2_qsys_0
Progress: Adding jtag_uart_0 [altera_avalon_jtag_uart 13.0.1.99.2]
Progress: Parameterizing module jtag_uart_0
Progress: Adding onchip_memory2_1 [altera_avalon_onchip_memory2 13.0.1.99.2]
Progress: Parameterizing module onchip_memory2_1
Progress: Adding DMA_0 [DMA 1.0]
Progress: Parameterizing module DMA_0
Progress: Building connections
Progress: Parameterizing connections
Progress: Validating
Progress: Done reading input file
Info: ip-generate succeeded.
Info: Finished: Create block symbol file (.bsf)
Info: 
Info: Starting: Create HDL design files for synthesis
Info: ip-generate --project-directory=D:/CE213/Tailieuthuchanh/Lab3/Lab3/DMAFinal/DMAFinal/ --output-directory=D:/CE213/Tailieuthuchanh/Lab3/Lab3/DMAFinal/DMAFinal/System/synthesis/ --file-set=QUARTUS_SYNTH --report-file=sopcinfo:D:/CE213/Tailieuthuchanh/Lab3/Lab3/DMAFinal/DMAFinal/System.sopcinfo --report-file=html:D:/CE213/Tailieuthuchanh/Lab3/Lab3/DMAFinal/DMAFinal/System.html --report-file=qip:D:/CE213/Tailieuthuchanh/Lab3/Lab3/DMAFinal/DMAFinal/System/synthesis/System.qip --report-file=cmp:D:/CE213/Tailieuthuchanh/Lab3/Lab3/DMAFinal/DMAFinal/System.cmp --report-file=svd --system-info=DEVICE_FAMILY="Cyclone II" --system-info=DEVICE=EP2C35F672C6 --system-info=DEVICE_SPEEDGRADE=6 --component-file=D:/CE213/Tailieuthuchanh/Lab3/Lab3/DMAFinal/DMAFinal/System.qsys --language=VERILOG
Progress: Loading DMAFinal/System.qsys
Progress: Reading input file
Progress: Adding clk_0 [clock_source 13.0]
Progress: Parameterizing module clk_0
Progress: Adding onchip_memory2_0 [altera_avalon_onchip_memory2 13.0.1.99.2]
Progress: Parameterizing module onchip_memory2_0
Progress: Adding nios2_qsys_0 [altera_nios2_qsys 13.0]
Progress: Parameterizing module nios2_qsys_0
Progress: Adding jtag_uart_0 [altera_avalon_jtag_uart 13.0.1.99.2]
Progress: Parameterizing module jtag_uart_0
Progress: Adding onchip_memory2_1 [altera_avalon_onchip_memory2 13.0.1.99.2]
Progress: Parameterizing module onchip_memory2_1
Progress: Adding DMA_0 [DMA 1.0]
Progress: Parameterizing module DMA_0
Progress: Building connections
Progress: Parameterizing connections
Progress: Validating
Progress: Done reading input file
Info: System: Generating System "System" for QUARTUS_SYNTH
Info: pipeline_bridge_swap_transform: After transform: 6 modules, 27 connections
Info: No custom instruction connections, skipping transform 
Info: merlin_translator_transform: After transform: 15 modules, 63 connections
Info: merlin_domain_transform: After transform: 30 modules, 163 connections
Info: merlin_router_transform: After transform: 39 modules, 199 connections
Info: reset_adaptation_transform: After transform: 40 modules, 156 connections
Info: merlin_network_to_switch_transform: After transform: 57 modules, 196 connections
Info: merlin_mm_transform: After transform: 57 modules, 196 connections
Info: merlin_interrupt_mapper_transform: After transform: 58 modules, 199 connections
Warning: System: "No matching role found for rst_controller:reset_out:reset_req (reset_req)"
Warning: System: "No matching role found for rst_controller:reset_out:reset_req (reset_req)"
Warning: System: "No matching role found for rst_controller:reset_out:reset_req (reset_req)"
Warning: System: "No matching role found for rst_controller:reset_out:reset_req (reset_req)"
Warning: System: "No matching role found for rst_controller:reset_out:reset_req (reset_req)"
Warning: System: "No matching role found for rst_controller:reset_out:reset_req (reset_req)"
Warning: System: "No matching role found for rst_controller:reset_out:reset_req (reset_req)"
Warning: System: "No matching role found for rst_controller:reset_out:reset_req (reset_req)"
Warning: System: "No matching role found for rst_controller:reset_out:reset_req (reset_req)"
Warning: System: "No matching role found for rst_controller:reset_out:reset_req (reset_req)"
Warning: System: "No matching role found for rst_controller:reset_out:reset_req (reset_req)"
Warning: System: "No matching role found for rst_controller:reset_out:reset_req (reset_req)"
Warning: System: "No matching role found for rst_controller:reset_out:reset_req (reset_req)"
Warning: System: "No matching role found for rst_controller:reset_out:reset_req (reset_req)"
Warning: System: "No matching role found for rst_controller:reset_out:reset_req (reset_req)"
Warning: System: "No matching role found for rst_controller:reset_out:reset_req (reset_req)"
Warning: System: "No matching role found for rst_controller:reset_out:reset_req (reset_req)"
Warning: System: "No matching role found for rst_controller:reset_out:reset_req (reset_req)"
Warning: System: "No matching role found for rst_controller:reset_out:reset_req (reset_req)"
Warning: System: "No matching role found for rst_controller:reset_out:reset_req (reset_req)"
Warning: System: "No matching role found for rst_controller:reset_out:reset_req (reset_req)"
Warning: System: "No matching role found for rst_controller:reset_out:reset_req (reset_req)"
Warning: System: "No matching role found for rst_controller:reset_out:reset_req (reset_req)"
Warning: System: "No matching role found for rst_controller:reset_out:reset_req (reset_req)"
Warning: System: "No matching role found for rst_controller:reset_out:reset_req (reset_req)"
Warning: System: "No matching role found for rst_controller:reset_out:reset_req (reset_req)"
Warning: System: "No matching role found for rst_controller:reset_out:reset_req (reset_req)"
Warning: System: "No matching role found for rst_controller:reset_out:reset_req (reset_req)"
Warning: System: "No matching role found for rst_controller:reset_out:reset_req (reset_req)"
Warning: System: "No matching role found for rst_controller:reset_out:reset_req (reset_req)"
Warning: System: "No matching role found for rst_controller:reset_out:reset_req (reset_req)"
Warning: System: "No matching role found for rst_controller:reset_out:reset_req (reset_req)"
Warning: System: "No matching role found for rst_controller:reset_out:reset_req (reset_req)"
Warning: System: "No matching role found for rst_controller:reset_out:reset_req (reset_req)"
Warning: System: "No matching role found for rst_controller:reset_out:reset_req (reset_req)"
Warning: System: "No matching role found for rst_controller:reset_out:reset_req (reset_req)"
Warning: System: "No matching role found for rst_controller:reset_out:reset_req (reset_req)"
Warning: System: "No matching role found for rst_controller:reset_out:reset_req (reset_req)"
Warning: System: "No matching role found for rst_controller:reset_out:reset_req (reset_req)"
Warning: System: "No matching role found for rst_controller:reset_out:reset_req (reset_req)"
Warning: System: "No matching role found for rst_controller:reset_out:reset_req (reset_req)"
Warning: System: "No matching role found for rst_controller:reset_out:reset_req (reset_req)"
Warning: System: "No matching role found for rst_controller:reset_out:reset_req (reset_req)"
Warning: System: "No matching role found for rst_controller:reset_out:reset_req (reset_req)"
Warning: System: "No matching role found for rst_controller:reset_out:reset_req (reset_req)"
Warning: System: "No matching role found for rst_controller:reset_out:reset_req (reset_req)"
Warning: System: "No matching role found for rst_controller:reset_out:reset_req (reset_req)"
Warning: System: "No matching role found for rst_controller:reset_out:reset_req (reset_req)"
Warning: System: "No matching role found for rst_controller:reset_out:reset_req (reset_req)"
Warning: System: "No matching role found for rst_controller:reset_out:reset_req (reset_req)"
Warning: System: "No matching role found for rst_controller:reset_out:reset_req (reset_req)"
Warning: System: "No matching role found for rst_controller:reset_out:reset_req (reset_req)"
Warning: System: "No matching role found for rst_controller:reset_out:reset_req (reset_req)"
Warning: System: "No matching role found for rst_controller:reset_out:reset_req (reset_req)"
Info: onchip_memory2_0: Starting RTL generation for module 'System_onchip_memory2_0'
Info: onchip_memory2_0:   Generation command is [exec D:/altera/quartus/bin/perl/bin/perl.exe -I D:/altera/quartus/common/ip/altera/common/perl/5.8.3 -I D:/altera/quartus/sopc_builder/bin/europa -I D:/altera/quartus/sopc_builder/bin/perl_lib -I D:/altera/quartus/sopc_builder/bin -I D:/altera/quartus/../ip/altera/sopc_builder_ip/common -I D:/altera/quartus/../ip/altera/sopc_builder_ip/altera_avalon_onchip_memory2 -- D:/altera/quartus/../ip/altera/sopc_builder_ip/altera_avalon_onchip_memory2/generate_rtl.pl --name=System_onchip_memory2_0 --dir=C:/Users/PC/AppData/Local/Temp/alt0459_5263865708351200811.dir/0061_onchip_memory2_0_gen/ --quartus_dir=D:/altera/quartus --verilog --config=C:/Users/PC/AppData/Local/Temp/alt0459_5263865708351200811.dir/0061_onchip_memory2_0_gen//System_onchip_memory2_0_component_configuration.pl  --do_build_sim=0  ]
Info: onchip_memory2_0: Done RTL generation for module 'System_onchip_memory2_0'
Info: onchip_memory2_0: "System" instantiated altera_avalon_onchip_memory2 "onchip_memory2_0"
Info: nios2_qsys_0: Starting RTL generation for module 'System_nios2_qsys_0'
Info: nios2_qsys_0:   Generation command is [exec D:/altera/quartus/../ip/altera/nios2_ip/altera_nios2/eperl.exe -I D:/altera/quartus/common/ip/altera/common/perl/5.8.3 -I D:/altera/quartus/sopc_builder/bin/europa -I D:/altera/quartus/sopc_builder/bin/perl_lib -I D:/altera/quartus/sopc_builder/bin -I D:/altera/quartus/../ip/altera/nios2_ip/altera_nios2/cpu_lib -I D:/altera/quartus/../ip/altera/nios2_ip/altera_nios2/nios_lib -I D:/altera/quartus/../ip/altera/nios2_ip/altera_nios2 -I D:/altera/quartus/../ip/altera/nios2_ip/altera_nios2 -- D:/altera/quartus/../ip/altera/nios2_ip/altera_nios2/generate_rtl.epl --name=System_nios2_qsys_0 --dir=C:/Users/PC/AppData/Local/Temp/alt0459_5263865708351200811.dir/0062_nios2_qsys_0_gen/ --quartus_dir=D:/altera/quartus --verilog --config=C:/Users/PC/AppData/Local/Temp/alt0459_5263865708351200811.dir/0062_nios2_qsys_0_gen//System_nios2_qsys_0_processor_configuration.pl  --do_build_sim=0    --bogus  ]
Info: nios2_qsys_0: # 2026.01.06 13:16:24 (*) Starting Nios II generation
Info: nios2_qsys_0: # 2026.01.06 13:16:24 (*)   Checking for plaintext license.
Info: nios2_qsys_0: # 2026.01.06 13:16:25 (*)   Plaintext license not found.
Info: nios2_qsys_0: # 2026.01.06 13:16:25 (*)   No license required to generate encrypted Nios II/e.
Info: nios2_qsys_0: # 2026.01.06 13:16:25 (*)   Elaborating CPU configuration settings
Info: nios2_qsys_0: # 2026.01.06 13:16:25 (*)   Creating all objects for CPU
Info: nios2_qsys_0: # 2026.01.06 13:16:25 (*)   Generating RTL from CPU objects
Info: nios2_qsys_0: # 2026.01.06 13:16:25 (*)   Creating plain-text RTL
Info: nios2_qsys_0: # 2026.01.06 13:16:27 (*) Done Nios II generation
Info: nios2_qsys_0: Done RTL generation for module 'System_nios2_qsys_0'
Info: nios2_qsys_0: "System" instantiated altera_nios2_qsys "nios2_qsys_0"
Info: jtag_uart_0: Starting RTL generation for module 'System_jtag_uart_0'
Info: jtag_uart_0:   Generation command is [exec D:/altera/quartus/bin/perl/bin/perl.exe -I D:/altera/quartus/common/ip/altera/common/perl/5.8.3 -I D:/altera/quartus/sopc_builder/bin/europa -I D:/altera/quartus/sopc_builder/bin/perl_lib -I D:/altera/quartus/sopc_builder/bin -I D:/altera/quartus/../ip/altera/sopc_builder_ip/common -I D:/altera/quartus/../ip/altera/sopc_builder_ip/altera_avalon_jtag_uart -- D:/altera/quartus/../ip/altera/sopc_builder_ip/altera_avalon_jtag_uart/generate_rtl.pl --name=System_jtag_uart_0 --dir=C:/Users/PC/AppData/Local/Temp/alt0459_5263865708351200811.dir/0063_jtag_uart_0_gen/ --quartus_dir=D:/altera/quartus --verilog --config=C:/Users/PC/AppData/Local/Temp/alt0459_5263865708351200811.dir/0063_jtag_uart_0_gen//System_jtag_uart_0_component_configuration.pl  --do_build_sim=0  ]
Info: jtag_uart_0: Done RTL generation for module 'System_jtag_uart_0'
Info: jtag_uart_0: "System" instantiated altera_avalon_jtag_uart "jtag_uart_0"
Info: onchip_memory2_1: Starting RTL generation for module 'System_onchip_memory2_1'
Info: onchip_memory2_1:   Generation command is [exec D:/altera/quartus/bin/perl/bin/perl.exe -I D:/altera/quartus/common/ip/altera/common/perl/5.8.3 -I D:/altera/quartus/sopc_builder/bin/europa -I D:/altera/quartus/sopc_builder/bin/perl_lib -I D:/altera/quartus/sopc_builder/bin -I D:/altera/quartus/../ip/altera/sopc_builder_ip/common -I D:/altera/quartus/../ip/altera/sopc_builder_ip/altera_avalon_onchip_memory2 -- D:/altera/quartus/../ip/altera/sopc_builder_ip/altera_avalon_onchip_memory2/generate_rtl.pl --name=System_onchip_memory2_1 --dir=C:/Users/PC/AppData/Local/Temp/alt0459_5263865708351200811.dir/0064_onchip_memory2_1_gen/ --quartus_dir=D:/altera/quartus --verilog --config=C:/Users/PC/AppData/Local/Temp/alt0459_5263865708351200811.dir/0064_onchip_memory2_1_gen//System_onchip_memory2_1_component_configuration.pl  --do_build_sim=0  ]
Info: onchip_memory2_1: Done RTL generation for module 'System_onchip_memory2_1'
Info: onchip_memory2_1: "System" instantiated altera_avalon_onchip_memory2 "onchip_memory2_1"
Info: DMA_0: "System" instantiated DMA "DMA_0"
Info: nios2_qsys_0_instruction_master_translator: "System" instantiated altera_merlin_master_translator "nios2_qsys_0_instruction_master_translator"
Info: nios2_qsys_0_jtag_debug_module_translator: "System" instantiated altera_merlin_slave_translator "nios2_qsys_0_jtag_debug_module_translator"
Info: nios2_qsys_0_instruction_master_translator_avalon_universal_master_0_agent: "System" instantiated altera_merlin_master_agent "nios2_qsys_0_instruction_master_translator_avalon_universal_master_0_agent"
Info: nios2_qsys_0_jtag_debug_module_translator_avalon_universal_slave_0_agent: "System" instantiated altera_merlin_slave_agent "nios2_qsys_0_jtag_debug_module_translator_avalon_universal_slave_0_agent"
Info: nios2_qsys_0_jtag_debug_module_translator_avalon_universal_slave_0_agent_rsp_fifo: "System" instantiated altera_avalon_sc_fifo "nios2_qsys_0_jtag_debug_module_translator_avalon_universal_slave_0_agent_rsp_fifo"
Info: addr_router: "System" instantiated altera_merlin_router "addr_router"
Info: addr_router_001: "System" instantiated altera_merlin_router "addr_router_001"
Info: addr_router_002: "System" instantiated altera_merlin_router "addr_router_002"
Info: addr_router_003: "System" instantiated altera_merlin_router "addr_router_003"
Info: id_router: "System" instantiated altera_merlin_router "id_router"
Info: id_router_001: "System" instantiated altera_merlin_router "id_router_001"
Info: id_router_002: "System" instantiated altera_merlin_router "id_router_002"
Info: id_router_004: "System" instantiated altera_merlin_router "id_router_004"
Info: rst_controller: "System" instantiated altera_reset_controller "rst_controller"
Info: cmd_xbar_demux: "System" instantiated altera_merlin_demultiplexer "cmd_xbar_demux"
Info: cmd_xbar_demux_001: "System" instantiated altera_merlin_demultiplexer "cmd_xbar_demux_001"
Info: cmd_xbar_demux_002: "System" instantiated altera_merlin_demultiplexer "cmd_xbar_demux_002"
Info: cmd_xbar_mux: "System" instantiated altera_merlin_multiplexer "cmd_xbar_mux"
Info: cmd_xbar_mux_001: "System" instantiated altera_merlin_multiplexer "cmd_xbar_mux_001"
Info: Reusing file D:/CE213/Tailieuthuchanh/Lab3/Lab3/DMAFinal/DMAFinal/System/synthesis/submodules/altera_merlin_arbitrator.sv
Info: rsp_xbar_demux: "System" instantiated altera_merlin_demultiplexer "rsp_xbar_demux"
Info: rsp_xbar_demux_001: "System" instantiated altera_merlin_demultiplexer "rsp_xbar_demux_001"
Info: rsp_xbar_mux: "System" instantiated altera_merlin_multiplexer "rsp_xbar_mux"
Info: Reusing file D:/CE213/Tailieuthuchanh/Lab3/Lab3/DMAFinal/DMAFinal/System/synthesis/submodules/altera_merlin_arbitrator.sv
Info: rsp_xbar_mux_001: "System" instantiated altera_merlin_multiplexer "rsp_xbar_mux_001"
Info: Reusing file D:/CE213/Tailieuthuchanh/Lab3/Lab3/DMAFinal/DMAFinal/System/synthesis/submodules/altera_merlin_arbitrator.sv
Info: irq_mapper: "System" instantiated altera_irq_mapper "irq_mapper"
Info: System: Done System" with 30 modules, 76 files, 1629418 bytes
Info: ip-generate succeeded.
Info: Finished: Create HDL design files for synthesis
